 Thu, 05 Mar 2020 10:45:40  INFO logger.py <module> [ line:20 ] hehehehe
 Thu, 05 Mar 2020 10:45:40  ERROR logger.py <module> [ line:21 ] heheheheheheh
Traceback (most recent call last):
  File "D:\Program Files (x86)\python\lib\site-packages\_pytest\config\__init__.py", line 456, in _importconftest
    return self._conftestpath2mod[key]
KeyError: WindowsPath('D:/python/mystudy/AppFramework/TestCases/conftest.py')
 Thu, 05 Mar 2020 10:45:42  INFO conftest.py init_session [ line:65 ] xxxxxxx
 Thu, 05 Mar 2020 10:46:07  INFO test_0_login.py test_login_success [ line:48 ] 成功登录用例
 Thu, 05 Mar 2020 10:46:07  INFO bottom_widget.py switch_bottom_widget [ line:15 ] 切换到页面我
 Thu, 05 Mar 2020 10:46:09  INFO basepage.py visiable_ele [ line:38 ] 元素('-android uiautomator', 'new UiSelector().text("我")')查找成功，耗时2.6107077598571777s
 Thu, 05 Mar 2020 10:46:09  INFO basepage.py visiable_ele [ line:38 ] 元素('-android uiautomator', 'new UiSelector().text("我")')查找成功，耗时0.08686351776123047s
 Thu, 05 Mar 2020 10:46:09  INFO basepage.py get_ele [ line:56 ] 元素('-android uiautomator', 'new UiSelector().text("我")')查找成功！
 Thu, 05 Mar 2020 10:46:11  INFO basepage.py click_ele [ line:102 ] 元素('-android uiautomator', 'new UiSelector().text("我")')成功点击!
 Thu, 05 Mar 2020 10:46:15  INFO basepage.py visiable_ele [ line:38 ] 元素('id', 'com.xxzb.fenwoo:id/et_phone')查找成功，耗时3.6533758640289307s
 Thu, 05 Mar 2020 10:46:15  INFO basepage.py visiable_ele [ line:38 ] 元素('id', 'com.xxzb.fenwoo:id/et_phone')查找成功，耗时0.03513693809509277s
 Thu, 05 Mar 2020 10:46:15  INFO basepage.py get_ele [ line:56 ] 元素('id', 'com.xxzb.fenwoo:id/et_phone')查找成功！
 Thu, 05 Mar 2020 10:46:15  INFO basepage.py input_ele_text [ line:81 ] 元素('id', 'com.xxzb.fenwoo:id/et_phone')成功输入18684720553
 Thu, 05 Mar 2020 10:46:16  INFO basepage.py visiable_ele [ line:38 ] 元素('id', 'com.xxzb.fenwoo:id/btn_next_step')查找成功，耗时0.8394999504089355s
 Thu, 05 Mar 2020 10:46:16  INFO basepage.py get_ele [ line:56 ] 元素('id', 'com.xxzb.fenwoo:id/btn_next_step')查找成功！
 Thu, 05 Mar 2020 10:46:16  INFO basepage.py click_ele [ line:102 ] 元素('id', 'com.xxzb.fenwoo:id/btn_next_step')成功点击!
 Thu, 05 Mar 2020 10:46:18  INFO basepage.py visiable_ele [ line:38 ] 元素('id', 'com.xxzb.fenwoo:id/et_pwd')查找成功，耗时1.7084856033325195s
 Thu, 05 Mar 2020 10:46:18  INFO basepage.py visiable_ele [ line:38 ] 元素('id', 'com.xxzb.fenwoo:id/et_pwd')查找成功，耗时0.045870065689086914s
 Thu, 05 Mar 2020 10:46:18  INFO basepage.py get_ele [ line:56 ] 元素('id', 'com.xxzb.fenwoo:id/et_pwd')查找成功！
 Thu, 05 Mar 2020 10:46:19  INFO basepage.py input_ele_text [ line:81 ] 元素('id', 'com.xxzb.fenwoo:id/et_pwd')成功输入python
 Thu, 05 Mar 2020 10:46:20  INFO basepage.py visiable_ele [ line:38 ] 元素('id', 'com.xxzb.fenwoo:id/btn_next_step')查找成功，耗时0.8442912101745605s
 Thu, 05 Mar 2020 10:46:20  INFO basepage.py get_ele [ line:56 ] 元素('id', 'com.xxzb.fenwoo:id/btn_next_step')查找成功！
 Thu, 05 Mar 2020 10:46:20  INFO basepage.py click_ele [ line:102 ] 元素('id', 'com.xxzb.fenwoo:id/btn_next_step')成功点击!
 Thu, 05 Mar 2020 10:46:45  INFO bottom_widget.py switch_bottom_widget [ line:15 ] 切换到页面首页
 Thu, 05 Mar 2020 10:46:45  INFO basepage.py visiable_ele [ line:38 ] 元素('-android uiautomator', 'new UiSelector().text("首页")')查找成功，耗时0.09173822402954102s
 Thu, 05 Mar 2020 10:46:45  INFO basepage.py visiable_ele [ line:38 ] 元素('-android uiautomator', 'new UiSelector().text("首页")')查找成功，耗时0.048798561096191406s
 Thu, 05 Mar 2020 10:46:45  INFO basepage.py get_ele [ line:56 ] 元素('-android uiautomator', 'new UiSelector().text("首页")')查找成功！
 Thu, 05 Mar 2020 10:46:46  INFO basepage.py click_ele [ line:102 ] 元素('-android uiautomator', 'new UiSelector().text("首页")')成功点击!
 Thu, 05 Mar 2020 10:46:48  INFO bottom_widget.py switch_bottom_widget [ line:15 ] 切换到页面首页
 Thu, 05 Mar 2020 10:46:48  INFO basepage.py visiable_ele [ line:38 ] 元素('-android uiautomator', 'new UiSelector().text("首页")')查找成功，耗时0.08881378173828125s
 Thu, 05 Mar 2020 10:46:48  INFO basepage.py visiable_ele [ line:38 ] 元素('-android uiautomator', 'new UiSelector().text("首页")')查找成功，耗时0.0536806583404541s
 Thu, 05 Mar 2020 10:46:48  INFO basepage.py get_ele [ line:56 ] 元素('-android uiautomator', 'new UiSelector().text("首页")')查找成功！
 Thu, 05 Mar 2020 10:46:49  INFO basepage.py click_ele [ line:102 ] 元素('-android uiautomator', 'new UiSelector().text("首页")')成功点击!
 Thu, 05 Mar 2020 10:46:49  INFO test_0_login.py test_login_success [ line:60 ] 确认登录成功!
 Thu, 05 Mar 2020 10:46:49  INFO bottom_widget.py switch_bottom_widget [ line:15 ] 切换到页面项目
 Thu, 05 Mar 2020 10:46:49  INFO basepage.py visiable_ele [ line:38 ] 元素('-android uiautomator', 'new UiSelector().text("项目")')查找成功，耗时0.0536808967590332s
 Thu, 05 Mar 2020 10:46:49  INFO basepage.py visiable_ele [ line:38 ] 元素('-android uiautomator', 'new UiSelector().text("项目")')查找成功，耗时0.04684925079345703s
 Thu, 05 Mar 2020 10:46:49  INFO basepage.py get_ele [ line:56 ] 元素('-android uiautomator', 'new UiSelector().text("项目")')查找成功！
 Thu, 05 Mar 2020 10:46:50  INFO basepage.py click_ele [ line:102 ] 元素('-android uiautomator', 'new UiSelector().text("项目")')成功点击!
 Thu, 05 Mar 2020 10:46:52  INFO basepage.py get_eles [ line:67 ] 元素集合('id', 'com.xxzb.fenwoo:id/pbar_process')查找成功!
 Thu, 05 Mar 2020 10:46:55  INFO basepage.py visiable_ele [ line:38 ] 元素('id', 'com.xxzb.fenwoo:id/tv_bidremain')查找成功，耗时2.5126936435699463s
 Thu, 05 Mar 2020 10:46:55  INFO basepage.py get_ele [ line:56 ] 元素('id', 'com.xxzb.fenwoo:id/tv_bidremain')查找成功！
 Thu, 05 Mar 2020 10:46:55  INFO basepage.py get_ele_attr [ line:113 ] 获取元素('id', 'com.xxzb.fenwoo:id/tv_bidremain')得text属性为剩余 7天8时32分
 Thu, 05 Mar 2020 10:46:55  INFO basepage.py visiable_ele [ line:38 ] 元素('id', 'com.xxzb.fenwoo:id/tv_remaintime')查找成功，耗时0.09759974479675293s
 Thu, 05 Mar 2020 10:46:55  INFO basepage.py get_ele [ line:56 ] 元素('id', 'com.xxzb.fenwoo:id/tv_remaintime')查找成功！
 Thu, 05 Mar 2020 10:46:55  INFO basepage.py get_ele_attr [ line:113 ] 获取元素('id', 'com.xxzb.fenwoo:id/tv_remaintime')得text属性为8%
 Thu, 05 Mar 2020 10:46:55  INFO basepage.py visiable_ele [ line:38 ] 元素('id', 'com.xxzb.fenwoo:id/et_investamount')查找成功，耗时0.24985909461975098s
 Thu, 05 Mar 2020 10:46:55  INFO basepage.py get_ele [ line:56 ] 元素('id', 'com.xxzb.fenwoo:id/et_investamount')查找成功！
 Thu, 05 Mar 2020 10:46:55  INFO basepage.py input_ele_text [ line:81 ] 元素('id', 'com.xxzb.fenwoo:id/et_investamount')成功输入0
 Thu, 05 Mar 2020 10:46:56  INFO basepage.py visiable_ele [ line:38 ] 元素('id', 'com.xxzb.fenwoo:id/btn_investnow')查找成功，耗时0.7407710552215576s
 Thu, 05 Mar 2020 10:46:56  INFO basepage.py get_ele [ line:56 ] 元素('id', 'com.xxzb.fenwoo:id/btn_investnow')查找成功！
 Thu, 05 Mar 2020 10:46:56  INFO basepage.py click_ele [ line:102 ] 元素('id', 'com.xxzb.fenwoo:id/btn_investnow')成功点击!
 Thu, 05 Mar 2020 10:47:18  INFO basepage.py imgs_screenshot [ line:127 ] 截图成功，文件为D:\python\mystudy\AppFramework\Outputs\Screen_Shots\投标操作-2020-03-05-10-47-17.png
 Thu, 05 Mar 2020 10:47:18  ERROR basepage.py visiable_ele [ line:41 ] 元素('xpath', "//*[@text='最小投资金额为:100.0']")未找到
Traceback (most recent call last):
  File "d:\python\mystudy\AppFramework\Common\basepage.py", line 36, in visiable_ele
    WebDriverWait(self.driver,timeout=20,poll_frequency=0.5).until(EC.visibility_of_element_located(loc))
  File "D:\Program Files (x86)\python\lib\site-packages\selenium\webdriver\support\wait.py", line 80, in until
    raise TimeoutException(message, screen, stacktrace)
selenium.common.exceptions.TimeoutException: Message: 

 Thu, 05 Mar 2020 10:47:18  ERROR test_1_invest.py test_invest_worng [ line:48 ] Test Fail!
Traceback (most recent call last):
  File "D:\python\mystudy\AppFramework\TestCases\test_1_invest.py", line 39, in test_invest_worng
    assert ProjectsPage(init_toast_keep,init_session,name).get_details_toast_0() ==testdatas['msg']
  File "d:\python\mystudy\AppFramework\PageObjects\projectspage.py", line 59, in get_details_toast_0
    return self.get_ele_attr(loc.details_toast_0_loc,'text')
  File "d:\python\mystudy\AppFramework\Common\basepage.py", line 110, in get_ele_attr
    ele = self.get_ele(loc)
  File "d:\python\mystudy\AppFramework\Common\basepage.py", line 53, in get_ele
    self.visiable_ele(loc)
  File "d:\python\mystudy\AppFramework\Common\basepage.py", line 42, in visiable_ele
    raise e
  File "d:\python\mystudy\AppFramework\Common\basepage.py", line 36, in visiable_ele
    WebDriverWait(self.driver,timeout=20,poll_frequency=0.5).until(EC.visibility_of_element_located(loc))
  File "D:\Program Files (x86)\python\lib\site-packages\selenium\webdriver\support\wait.py", line 80, in until
    raise TimeoutException(message, screen, stacktrace)
selenium.common.exceptions.TimeoutException: Message: 

 Thu, 05 Mar 2020 10:47:33  INFO test_0_login.py test_login_success [ line:48 ] 成功登录用例
 Thu, 05 Mar 2020 10:47:33  INFO bottom_widget.py switch_bottom_widget [ line:15 ] 切换到页面我
 Thu, 05 Mar 2020 10:47:34  INFO basepage.py visiable_ele [ line:38 ] 元素('-android uiautomator', 'new UiSelector().text("我")')查找成功，耗时1.3478543758392334s
 Thu, 05 Mar 2020 10:47:34  INFO basepage.py visiable_ele [ line:38 ] 元素('-android uiautomator', 'new UiSelector().text("我")')查找成功，耗时0.07612752914428711s
 Thu, 05 Mar 2020 10:47:34  INFO basepage.py get_ele [ line:56 ] 元素('-android uiautomator', 'new UiSelector().text("我")')查找成功！
 Thu, 05 Mar 2020 10:47:35  INFO basepage.py click_ele [ line:102 ] 元素('-android uiautomator', 'new UiSelector().text("我")')成功点击!
 Thu, 05 Mar 2020 10:47:37  INFO basepage.py visiable_ele [ line:38 ] 元素('id', 'com.xxzb.fenwoo:id/et_phone')查找成功，耗时1.828019380569458s
 Thu, 05 Mar 2020 10:47:37  INFO basepage.py visiable_ele [ line:38 ] 元素('id', 'com.xxzb.fenwoo:id/et_phone')查找成功，耗时0.04099106788635254s
 Thu, 05 Mar 2020 10:47:37  INFO basepage.py get_ele [ line:56 ] 元素('id', 'com.xxzb.fenwoo:id/et_phone')查找成功！
 Thu, 05 Mar 2020 10:47:37  INFO basepage.py input_ele_text [ line:81 ] 元素('id', 'com.xxzb.fenwoo:id/et_phone')成功输入18684720553
 Thu, 05 Mar 2020 10:47:38  INFO basepage.py visiable_ele [ line:38 ] 元素('id', 'com.xxzb.fenwoo:id/btn_next_step')查找成功，耗时0.8359994888305664s
 Thu, 05 Mar 2020 10:47:38  INFO basepage.py get_ele [ line:56 ] 元素('id', 'com.xxzb.fenwoo:id/btn_next_step')查找成功！
 Thu, 05 Mar 2020 10:47:38  INFO basepage.py click_ele [ line:102 ] 元素('id', 'com.xxzb.fenwoo:id/btn_next_step')成功点击!
 Thu, 05 Mar 2020 10:47:41  INFO basepage.py visiable_ele [ line:38 ] 元素('id', 'com.xxzb.fenwoo:id/et_pwd')查找成功，耗时2.5092766284942627s
 Thu, 05 Mar 2020 10:47:41  INFO basepage.py visiable_ele [ line:38 ] 元素('id', 'com.xxzb.fenwoo:id/et_pwd')查找成功，耗时0.04637932777404785s
 Thu, 05 Mar 2020 10:47:41  INFO basepage.py get_ele [ line:56 ] 元素('id', 'com.xxzb.fenwoo:id/et_pwd')查找成功！
 Thu, 05 Mar 2020 10:47:41  INFO basepage.py input_ele_text [ line:81 ] 元素('id', 'com.xxzb.fenwoo:id/et_pwd')成功输入python
 Thu, 05 Mar 2020 10:47:42  INFO basepage.py visiable_ele [ line:38 ] 元素('id', 'com.xxzb.fenwoo:id/btn_next_step')查找成功，耗时0.801753044128418s
 Thu, 05 Mar 2020 10:47:42  INFO basepage.py get_ele [ line:56 ] 元素('id', 'com.xxzb.fenwoo:id/btn_next_step')查找成功！
 Thu, 05 Mar 2020 10:47:42  INFO basepage.py click_ele [ line:102 ] 元素('id', 'com.xxzb.fenwoo:id/btn_next_step')成功点击!
 Thu, 05 Mar 2020 10:48:06  INFO bottom_widget.py switch_bottom_widget [ line:15 ] 切换到页面首页
 Thu, 05 Mar 2020 10:48:06  INFO basepage.py visiable_ele [ line:38 ] 元素('-android uiautomator', 'new UiSelector().text("首页")')查找成功，耗时0.0936896800994873s
 Thu, 05 Mar 2020 10:48:06  INFO basepage.py visiable_ele [ line:38 ] 元素('-android uiautomator', 'new UiSelector().text("首页")')查找成功，耗时0.05758476257324219s
 Thu, 05 Mar 2020 10:48:06  INFO basepage.py get_ele [ line:56 ] 元素('-android uiautomator', 'new UiSelector().text("首页")')查找成功！
 Thu, 05 Mar 2020 10:48:07  INFO basepage.py click_ele [ line:102 ] 元素('-android uiautomator', 'new UiSelector().text("首页")')成功点击!
 Thu, 05 Mar 2020 10:48:09  INFO bottom_widget.py switch_bottom_widget [ line:15 ] 切换到页面首页
 Thu, 05 Mar 2020 10:48:09  INFO basepage.py visiable_ele [ line:38 ] 元素('-android uiautomator', 'new UiSelector().text("首页")')查找成功，耗时0.06051301956176758s
 Thu, 05 Mar 2020 10:48:09  INFO basepage.py visiable_ele [ line:38 ] 元素('-android uiautomator', 'new UiSelector().text("首页")')查找成功，耗时0.06590056419372559s
 Thu, 05 Mar 2020 10:48:09  INFO basepage.py get_ele [ line:56 ] 元素('-android uiautomator', 'new UiSelector().text("首页")')查找成功！
 Thu, 05 Mar 2020 10:48:13  INFO basepage.py click_ele [ line:102 ] 元素('-android uiautomator', 'new UiSelector().text("首页")')成功点击!
 Thu, 05 Mar 2020 10:48:13  INFO test_0_login.py test_login_success [ line:60 ] 确认登录成功!
 Thu, 05 Mar 2020 10:48:13  INFO bottom_widget.py switch_bottom_widget [ line:15 ] 切换到页面项目
 Thu, 05 Mar 2020 10:48:13  INFO basepage.py visiable_ele [ line:38 ] 元素('-android uiautomator', 'new UiSelector().text("项目")')查找成功，耗时0.0536808967590332s
 Thu, 05 Mar 2020 10:48:13  INFO basepage.py visiable_ele [ line:38 ] 元素('-android uiautomator', 'new UiSelector().text("项目")')查找成功，耗时0.05660843849182129s
 Thu, 05 Mar 2020 10:48:13  INFO basepage.py get_ele [ line:56 ] 元素('-android uiautomator', 'new UiSelector().text("项目")')查找成功！
 Thu, 05 Mar 2020 10:48:14  INFO basepage.py click_ele [ line:102 ] 元素('-android uiautomator', 'new UiSelector().text("项目")')成功点击!
 Thu, 05 Mar 2020 10:48:16  INFO basepage.py get_eles [ line:67 ] 元素集合('id', 'com.xxzb.fenwoo:id/pbar_process')查找成功!
 Thu, 05 Mar 2020 10:48:19  INFO basepage.py visiable_ele [ line:38 ] 元素('id', 'com.xxzb.fenwoo:id/tv_bidremain')查找成功，耗时2.785480499267578s
 Thu, 05 Mar 2020 10:48:19  INFO basepage.py get_ele [ line:56 ] 元素('id', 'com.xxzb.fenwoo:id/tv_bidremain')查找成功！
 Thu, 05 Mar 2020 10:48:19  INFO basepage.py get_ele_attr [ line:113 ] 获取元素('id', 'com.xxzb.fenwoo:id/tv_bidremain')得text属性为剩余 7天8时31分
 Thu, 05 Mar 2020 10:48:19  INFO basepage.py visiable_ele [ line:38 ] 元素('id', 'com.xxzb.fenwoo:id/tv_remaintime')查找成功，耗时0.10055732727050781s
 Thu, 05 Mar 2020 10:48:19  INFO basepage.py get_ele [ line:56 ] 元素('id', 'com.xxzb.fenwoo:id/tv_remaintime')查找成功！
 Thu, 05 Mar 2020 10:48:19  INFO basepage.py get_ele_attr [ line:113 ] 获取元素('id', 'com.xxzb.fenwoo:id/tv_remaintime')得text属性为8%
 Thu, 05 Mar 2020 10:48:19  INFO basepage.py visiable_ele [ line:38 ] 元素('id', 'com.xxzb.fenwoo:id/et_investamount')查找成功，耗时0.3384101390838623s
 Thu, 05 Mar 2020 10:48:20  INFO basepage.py get_ele [ line:56 ] 元素('id', 'com.xxzb.fenwoo:id/et_investamount')查找成功！
 Thu, 05 Mar 2020 10:48:20  INFO basepage.py input_ele_text [ line:81 ] 元素('id', 'com.xxzb.fenwoo:id/et_investamount')成功输入15
 Thu, 05 Mar 2020 10:48:21  INFO basepage.py visiable_ele [ line:38 ] 元素('id', 'com.xxzb.fenwoo:id/btn_investnow')查找成功，耗时0.5232007503509521s
 Thu, 05 Mar 2020 10:48:21  INFO basepage.py get_ele [ line:56 ] 元素('id', 'com.xxzb.fenwoo:id/btn_investnow')查找成功！
 Thu, 05 Mar 2020 10:48:21  INFO basepage.py click_ele [ line:102 ] 元素('id', 'com.xxzb.fenwoo:id/btn_investnow')成功点击!
 Thu, 05 Mar 2020 10:48:42  INFO basepage.py imgs_screenshot [ line:127 ] 截图成功，文件为D:\python\mystudy\AppFramework\Outputs\Screen_Shots\投标操作-2020-03-05-10-48-42.png
 Thu, 05 Mar 2020 10:48:42  ERROR basepage.py visiable_ele [ line:41 ] 元素('xpath', "//*[@text='投资金额必须为100的整数倍']")未找到
Traceback (most recent call last):
  File "d:\python\mystudy\AppFramework\Common\basepage.py", line 36, in visiable_ele
    WebDriverWait(self.driver,timeout=20,poll_frequency=0.5).until(EC.visibility_of_element_located(loc))
  File "D:\Program Files (x86)\python\lib\site-packages\selenium\webdriver\support\wait.py", line 80, in until
    raise TimeoutException(message, screen, stacktrace)
selenium.common.exceptions.TimeoutException: Message: 

 Thu, 05 Mar 2020 10:48:42  ERROR test_1_invest.py test_invest_worng [ line:48 ] Test Fail!
Traceback (most recent call last):
  File "D:\python\mystudy\AppFramework\TestCases\test_1_invest.py", line 42, in test_invest_worng
    assert ProjectsPage(init_toast_keep,init_session,name).get_details_toast_1() ==testdatas['msg']
  File "d:\python\mystudy\AppFramework\PageObjects\projectspage.py", line 62, in get_details_toast_1
    return self.get_ele_attr(loc.details_toast_1_loc,'text')
  File "d:\python\mystudy\AppFramework\Common\basepage.py", line 110, in get_ele_attr
    ele = self.get_ele(loc)
  File "d:\python\mystudy\AppFramework\Common\basepage.py", line 53, in get_ele
    self.visiable_ele(loc)
  File "d:\python\mystudy\AppFramework\Common\basepage.py", line 42, in visiable_ele
    raise e
  File "d:\python\mystudy\AppFramework\Common\basepage.py", line 36, in visiable_ele
    WebDriverWait(self.driver,timeout=20,poll_frequency=0.5).until(EC.visibility_of_element_located(loc))
  File "D:\Program Files (x86)\python\lib\site-packages\selenium\webdriver\support\wait.py", line 80, in until
    raise TimeoutException(message, screen, stacktrace)
selenium.common.exceptions.TimeoutException: Message: 

 Thu, 05 Mar 2020 10:48:59  INFO test_0_login.py test_login_success [ line:48 ] 成功登录用例
 Thu, 05 Mar 2020 10:48:59  INFO bottom_widget.py switch_bottom_widget [ line:15 ] 切换到页面我
 Thu, 05 Mar 2020 10:49:01  ERROR basepage.py imgs_screenshot [ line:129 ] 截图失败!
Traceback (most recent call last):
  File "d:\python\mystudy\AppFramework\Common\basepage.py", line 36, in visiable_ele
    WebDriverWait(self.driver,timeout=20,poll_frequency=0.5).until(EC.visibility_of_element_located(loc))
  File "D:\Program Files (x86)\python\lib\site-packages\selenium\webdriver\support\wait.py", line 71, in until
    value = method(self._driver)
  File "D:\Program Files (x86)\python\lib\site-packages\selenium\webdriver\support\expected_conditions.py", line 128, in __call__
    return _element_if_visible(_find_element(driver, self.locator))
  File "D:\Program Files (x86)\python\lib\site-packages\selenium\webdriver\support\expected_conditions.py", line 415, in _find_element
    raise e
  File "D:\Program Files (x86)\python\lib\site-packages\selenium\webdriver\support\expected_conditions.py", line 411, in _find_element
    return driver.find_element(*by)
  File "D:\Program Files (x86)\python\lib\site-packages\appium\webdriver\webdriver.py", line 282, in find_element
    return self.execute(RemoteCommand.FIND_ELEMENT, {
  File "D:\Program Files (x86)\python\lib\site-packages\selenium\webdriver\remote\webdriver.py", line 321, in execute
    self.error_handler.check_response(response)
  File "D:\Program Files (x86)\python\lib\site-packages\appium\webdriver\errorhandler.py", line 29, in check_response
    raise wde
  File "D:\Program Files (x86)\python\lib\site-packages\appium\webdriver\errorhandler.py", line 24, in check_response
    super(MobileErrorHandler, self).check_response(response)
  File "D:\Program Files (x86)\python\lib\site-packages\selenium\webdriver\remote\errorhandler.py", line 242, in check_response
    raise exception_class(message, screen, stacktrace)
selenium.common.exceptions.WebDriverException: Message: An unknown server-side error occurred while processing the command. Original error: Could not proxy command to remote server. Original error: Error: socket hang up


During handling of the above exception, another exception occurred:

Traceback (most recent call last):
  File "d:\python\mystudy\AppFramework\Common\basepage.py", line 126, in imgs_screenshot
    self.driver.save_screenshot(pic_path)
  File "D:\Program Files (x86)\python\lib\site-packages\selenium\webdriver\remote\webdriver.py", line 1055, in save_screenshot
    return self.get_screenshot_as_file(filename)
  File "D:\Program Files (x86)\python\lib\site-packages\selenium\webdriver\remote\webdriver.py", line 1032, in get_screenshot_as_file
    png = self.get_screenshot_as_png()
  File "D:\Program Files (x86)\python\lib\site-packages\selenium\webdriver\remote\webdriver.py", line 1064, in get_screenshot_as_png
    return base64.b64decode(self.get_screenshot_as_base64().encode('ascii'))
  File "D:\Program Files (x86)\python\lib\site-packages\selenium\webdriver\remote\webdriver.py", line 1074, in get_screenshot_as_base64
    return self.execute(Command.SCREENSHOT)['value']
  File "D:\Program Files (x86)\python\lib\site-packages\selenium\webdriver\remote\webdriver.py", line 321, in execute
    self.error_handler.check_response(response)
  File "D:\Program Files (x86)\python\lib\site-packages\appium\webdriver\errorhandler.py", line 29, in check_response
    raise wde
  File "D:\Program Files (x86)\python\lib\site-packages\appium\webdriver\errorhandler.py", line 24, in check_response
    super(MobileErrorHandler, self).check_response(response)
  File "D:\Program Files (x86)\python\lib\site-packages\selenium\webdriver\remote\errorhandler.py", line 242, in check_response
    raise exception_class(message, screen, stacktrace)
selenium.common.exceptions.WebDriverException: Message: An unknown server-side error occurred while processing the command. Original error: Could not proxy command to remote server. Original error: Error: connect ECONNREFUSED 127.0.0.1:8200

